// Jest Snapshot v1, https://goo.gl/fbAQLP

exports[`getConfig should output config to stdout in verbose mode 1`] = `
Array [
  "{\\"verbose\\":true,\\"gitDir\\":\\".\\",\\"renderer\\":\\"verbose\\",\\"concurrent\\":true}",
]
`;
